Archive member included because of file (symbol)

c:/sdk/imt_sdk_win_64/winavr/bin/../lib/gcc/avr/4.3.3/avr5\libgcc.a(_mulsi3.o)
                              ./MAPPING_program.o (__mulsi3)
c:/sdk/imt_sdk_win_64/winavr/bin/../lib/gcc/avr/4.3.3/avr5\libgcc.a(_udivmodsi4.o)
                              ./MAPPING_program.o (__udivmodsi4)
c:/sdk/imt_sdk_win_64/winavr/bin/../lib/gcc/avr/4.3.3/avr5\libgcc.a(_exit.o)
                              c:/sdk/imt_sdk_win_64/winavr/bin/../lib/gcc/avr/4.3.3/../../../../avr/lib/avr5/crtm32.o (exit)
c:/sdk/imt_sdk_win_64/winavr/bin/../lib/gcc/avr/4.3.3/avr5\libgcc.a(_clear_bss.o)
                              ./ADC_program.o (__do_clear_bss)

Memory Configuration

Name             Origin             Length             Attributes
text             0x00000000         0x00020000         xr
data             0x00800060         0x0000ffa0         rw !x
eeprom           0x00810000         0x00010000         rw !x
fuse             0x00820000         0x00000400         rw !x
lock             0x00830000         0x00000400         rw !x
signature        0x00840000         0x00000400         rw !x
*default*        0x00000000         0xffffffff

Linker script and memory map

LOAD c:/sdk/imt_sdk_win_64/winavr/bin/../lib/gcc/avr/4.3.3/../../../../avr/lib/avr5/crtm32.o
LOAD ./ADC_program.o
LOAD ./MAPPING_program.o
LOAD ./MDIO_program.o
LOAD ./MGIE_program.o
LOAD ./MSPI_program.o
LOAD ./MTIMER_program.o
LOAD ./MUSART_program.o
LOAD ./Master.o
LOAD c:/sdk/imt_sdk_win_64/winavr/bin/../lib/gcc/avr/4.3.3/avr5\libgcc.a
LOAD c:/sdk/imt_sdk_win_64/winavr/bin/../lib/gcc/avr/4.3.3/../../../../avr/lib/avr5\libc.a
LOAD c:/sdk/imt_sdk_win_64/winavr/bin/../lib/gcc/avr/4.3.3/avr5\libgcc.a

.hash
 *(.hash)

.dynsym
 *(.dynsym)

.dynstr
 *(.dynstr)

.gnu.version
 *(.gnu.version)

.gnu.version_d
 *(.gnu.version_d)

.gnu.version_r
 *(.gnu.version_r)

.rel.init
 *(.rel.init)

.rela.init
 *(.rela.init)

.rel.text
 *(.rel.text)
 *(.rel.text.*)
 *(.rel.gnu.linkonce.t*)

.rela.text
 *(.rela.text)
 *(.rela.text.*)
 *(.rela.gnu.linkonce.t*)

.rel.fini
 *(.rel.fini)

.rela.fini
 *(.rela.fini)

.rel.rodata
 *(.rel.rodata)
 *(.rel.rodata.*)
 *(.rel.gnu.linkonce.r*)

.rela.rodata
 *(.rela.rodata)
 *(.rela.rodata.*)
 *(.rela.gnu.linkonce.r*)

.rel.data
 *(.rel.data)
 *(.rel.data.*)
 *(.rel.gnu.linkonce.d*)

.rela.data
 *(.rela.data)
 *(.rela.data.*)
 *(.rela.gnu.linkonce.d*)

.rel.ctors
 *(.rel.ctors)

.rela.ctors
 *(.rela.ctors)

.rel.dtors
 *(.rel.dtors)

.rela.dtors
 *(.rela.dtors)

.rel.got
 *(.rel.got)

.rela.got
 *(.rela.got)

.rel.bss
 *(.rel.bss)

.rela.bss
 *(.rela.bss)

.rel.plt
 *(.rel.plt)

.rela.plt
 *(.rela.plt)

.text           0x00000000     0x192a
 *(.vectors)
 .vectors       0x00000000       0x54 c:/sdk/imt_sdk_win_64/winavr/bin/../lib/gcc/avr/4.3.3/../../../../avr/lib/avr5/crtm32.o
                0x00000000                __vectors
                0x00000000                __vector_default
 *(.vectors)
 *(.progmem.gcc*)
 *(.progmem*)
                0x00000054                . = ALIGN (0x2)
                0x00000054                __trampolines_start = .
 *(.trampolines)
 .trampolines   0x00000054        0x0 linker stubs
 *(.trampolines*)
                0x00000054                __trampolines_end = .
 *(.jumptables)
 *(.jumptables*)
 *(.lowtext)
 *(.lowtext*)
                0x00000054                __ctors_start = .
 *(.ctors)
                0x00000054                __ctors_end = .
                0x00000054                __dtors_start = .
 *(.dtors)
                0x00000054                __dtors_end = .
 SORT(*)(.ctors)
 SORT(*)(.dtors)
 *(.init0)
 .init0         0x00000054        0x0 c:/sdk/imt_sdk_win_64/winavr/bin/../lib/gcc/avr/4.3.3/../../../../avr/lib/avr5/crtm32.o
                0x00000054                __init
 *(.init0)
 *(.init1)
 *(.init1)
 *(.init2)
 .init2         0x00000054        0xc c:/sdk/imt_sdk_win_64/winavr/bin/../lib/gcc/avr/4.3.3/../../../../avr/lib/avr5/crtm32.o
 *(.init2)
 *(.init3)
 *(.init3)
 *(.init4)
 .init4         0x00000060       0x10 c:/sdk/imt_sdk_win_64/winavr/bin/../lib/gcc/avr/4.3.3/avr5\libgcc.a(_clear_bss.o)
                0x00000060                __do_clear_bss
 *(.init4)
 *(.init5)
 *(.init5)
 *(.init6)
 *(.init6)
 *(.init7)
 *(.init7)
 *(.init8)
 *(.init8)
 *(.init9)
 .init9         0x00000070        0x8 c:/sdk/imt_sdk_win_64/winavr/bin/../lib/gcc/avr/4.3.3/../../../../avr/lib/avr5/crtm32.o
 *(.init9)
 *(.text)
 .text          0x00000078        0x4 c:/sdk/imt_sdk_win_64/winavr/bin/../lib/gcc/avr/4.3.3/../../../../avr/lib/avr5/crtm32.o
                0x00000078                __vector_1
                0x00000078                __vector_12
                0x00000078                __bad_interrupt
                0x00000078                __vector_3
                0x00000078                __vector_17
                0x00000078                __vector_19
                0x00000078                __vector_9
                0x00000078                __vector_2
                0x00000078                __vector_15
                0x00000078                __vector_8
                0x00000078                __vector_14
                0x00000078                __vector_18
                0x00000078                __vector_20
 .text          0x0000007c        0x0 ./ADC_program.o
 .text          0x0000007c        0x0 ./MAPPING_program.o
 .text          0x0000007c        0x0 ./MDIO_program.o
 .text          0x0000007c        0x0 ./MGIE_program.o
 .text          0x0000007c        0x0 ./MSPI_program.o
 .text          0x0000007c        0x0 ./MTIMER_program.o
 .text          0x0000007c        0x0 ./MUSART_program.o
 .text          0x0000007c        0x0 ./Master.o
 .text          0x0000007c        0x0 c:/sdk/imt_sdk_win_64/winavr/bin/../lib/gcc/avr/4.3.3/avr5\libgcc.a(_mulsi3.o)
 .text          0x0000007c        0x0 c:/sdk/imt_sdk_win_64/winavr/bin/../lib/gcc/avr/4.3.3/avr5\libgcc.a(_udivmodsi4.o)
 .text          0x0000007c        0x0 c:/sdk/imt_sdk_win_64/winavr/bin/../lib/gcc/avr/4.3.3/avr5\libgcc.a(_exit.o)
 .text          0x0000007c        0x0 c:/sdk/imt_sdk_win_64/winavr/bin/../lib/gcc/avr/4.3.3/avr5\libgcc.a(_clear_bss.o)
                0x0000007c                . = ALIGN (0x2)
 *(.text.*)
 .text.ADC_Init
                0x0000007c       0x38 ./ADC_program.o
                0x0000007c                ADC_Init
 .text.ADC_SelectChannel
                0x000000b4       0x2a ./ADC_program.o
                0x000000b4                ADC_SelectChannel
 .text.ADC_StartConversionAndWait
                0x000000de       0x1c ./ADC_program.o
                0x000000de                ADC_StartConversionAndWait
 .text.ADC_Read
                0x000000fa       0x16 ./ADC_program.o
                0x000000fa                ADC_Read
 .text.ADC_voidSetCallBack
                0x00000110       0x24 ./ADC_program.o
                0x00000110                ADC_voidSetCallBack
 .text.__vector_16
                0x00000134       0x66 ./ADC_program.o
                0x00000134                __vector_16
 .text.Mapping  0x0000019a       0xb6 ./MAPPING_program.o
                0x0000019a                Mapping
 .text.MDIO_VoidSetPinDirection
                0x00000250      0x222 ./MDIO_program.o
                0x00000250                MDIO_VoidSetPinDirection
 .text.MDIO_VoidSetPinValue
                0x00000472      0x222 ./MDIO_program.o
                0x00000472                MDIO_VoidSetPinValue
 .text.MDIO_VoidGetPinValue
                0x00000694      0x138 ./MDIO_program.o
                0x00000694                MDIO_VoidGetPinValue
 .text.MDIO_VoidSetPortValue
                0x000007cc       0x96 ./MDIO_program.o
                0x000007cc                MDIO_VoidSetPortValue
 .text.Port_voidInit
                0x00000862       0x48 ./MDIO_program.o
                0x00000862                Port_voidInit
 .text.MDIO_VoidTogglePin
                0x000008aa      0x118 ./MDIO_program.o
                0x000008aa                MDIO_VoidTogglePin
 .text.MGIE_voidEnable
                0x000009c2       0x1c ./MGIE_program.o
                0x000009c2                MGIE_voidEnable
 .text.MGIE_voidDisable
                0x000009de       0x1c ./MGIE_program.o
                0x000009de                MGIE_voidDisable
 .text.MSPI_voidInit
                0x000009fa       0x7e ./MSPI_program.o
                0x000009fa                MSPI_voidInit
 .text.MSPI_voidTranceive
                0x00000a78       0x2c ./MSPI_program.o
                0x00000a78                MSPI_voidTranceive
 .text.MTIMER0_voidInit
                0x00000aa4       0x62 ./MTIMER_program.o
                0x00000aa4                MTIMER0_voidInit
 .text.MTIMER0_voidDisable
                0x00000b06       0x38 ./MTIMER_program.o
                0x00000b06                MTIMER0_voidDisable
 .text.MTIMER0_voidSetDutyCycle
                0x00000b3e       0x1c ./MTIMER_program.o
                0x00000b3e                MTIMER0_voidSetDutyCycle
 .text.MTIMER0_voidPreload
                0x00000b5a       0x1c ./MTIMER_program.o
                0x00000b5a                MTIMER0_voidPreload
 .text.MTIMER0_voidCompMatchValue
                0x00000b76       0x1c ./MTIMER_program.o
                0x00000b76                MTIMER0_voidCompMatchValue
 .text.MTIMER0_voidSetCallBack_OVF
                0x00000b92       0x24 ./MTIMER_program.o
                0x00000b92                MTIMER0_voidSetCallBack_OVF
 .text.MTIMER0_voidSetCallBack_CMP
                0x00000bb6       0x24 ./MTIMER_program.o
                0x00000bb6                MTIMER0_voidSetCallBack_CMP
 .text.__vector_11
                0x00000bda       0x66 ./MTIMER_program.o
                0x00000bda                __vector_11
 .text.__vector_10
                0x00000c40       0x66 ./MTIMER_program.o
                0x00000c40                __vector_10
 .text.MTIMER1_voidInit
                0x00000ca6      0x35e ./MTIMER_program.o
                0x00000ca6                MTIMER1_voidInit
 .text.MTIMER1_voidDisable
                0x00001004       0x38 ./MTIMER_program.o
                0x00001004                MTIMER1_voidDisable
 .text.MTIMER1_voidSetTopValue
                0x0000103c       0x98 ./MTIMER_program.o
                0x0000103c                MTIMER1_voidSetTopValue
 .text.MTIMER1_voidSetDutyCycle
                0x000010d4       0x24 ./MTIMER_program.o
                0x000010d4                MTIMER1_voidSetDutyCycle
 .text.MTIMER1_voidSetCallBack_CMP
                0x000010f8       0x24 ./MTIMER_program.o
                0x000010f8                MTIMER1_voidSetCallBack_CMP
 .text.MTIMER1_voidICUInit
                0x0000111c      0x142 ./MTIMER_program.o
                0x0000111c                MTIMER1_voidICUInit
 .text.MTIMER1_voidSetICUSense
                0x0000125e       0x56 ./MTIMER_program.o
                0x0000125e                MTIMER1_voidSetICUSense
 .text.MTIMER1_voidEnableICUInterrupt
                0x000012b4       0x1c ./MTIMER_program.o
                0x000012b4                MTIMER1_voidEnableICUInterrupt
 .text.MTIMER1_voidDisableICUInterrupt
                0x000012d0       0x1c ./MTIMER_program.o
                0x000012d0                MTIMER1_voidDisableICUInterrupt
 .text.MTIMER1_voidGetICUValue
                0x000012ec       0x16 ./MTIMER_program.o
                0x000012ec                MTIMER1_voidGetICUValue
 .text.MTIMER1_voidSetICUCallBack
                0x00001302       0x24 ./MTIMER_program.o
                0x00001302                MTIMER1_voidSetICUCallBack
 .text.__vector_6
                0x00001326       0x66 ./MTIMER_program.o
                0x00001326                __vector_6
 .text.__vector_7
                0x0000138c       0x66 ./MTIMER_program.o
                0x0000138c                __vector_7
 .text.MTIMER2_voidInit
                0x000013f2       0x7e ./MTIMER_program.o
                0x000013f2                MTIMER2_voidInit
 .text.MTIMER2_voidDisable
                0x00001470       0x38 ./MTIMER_program.o
                0x00001470                MTIMER2_voidDisable
 .text.MTIMER2_voidPreload
                0x000014a8       0x1c ./MTIMER_program.o
                0x000014a8                MTIMER2_voidPreload
 .text.MTIMER2_voidSetDutyCycle
                0x000014c4       0x1c ./MTIMER_program.o
                0x000014c4                MTIMER2_voidSetDutyCycle
 .text.MTIMER2_voidCompMatchValue
                0x000014e0       0x1c ./MTIMER_program.o
                0x000014e0                MTIMER2_voidCompMatchValue
 .text.MTIMER2_voidSetCallBack_OVF
                0x000014fc       0x24 ./MTIMER_program.o
                0x000014fc                MTIMER2_voidSetCallBack_OVF
 .text.MTIMER2_voidSetCallBack_CMP
                0x00001520       0x24 ./MTIMER_program.o
                0x00001520                MTIMER2_voidSetCallBack_CMP
 .text.__vector_5
                0x00001544       0x66 ./MTIMER_program.o
                0x00001544                __vector_5
 .text.__vector_4
                0x000015aa       0x66 ./MTIMER_program.o
                0x000015aa                __vector_4
 .text.MUART_voidInit
                0x00001610       0x7a ./MUSART_program.o
                0x00001610                MUART_voidInit
 .text.MUART_voidTransmit
                0x0000168a       0x2c ./MUSART_program.o
                0x0000168a                MUART_voidTransmit
 .text.MUART_voidRecieve
                0x000016b6       0x1e ./MUSART_program.o
                0x000016b6                MUART_voidRecieve
 .text.MUART_SetCallBack
                0x000016d4       0x24 ./MUSART_program.o
                0x000016d4                MUART_SetCallBack
 .text.__vector_13
                0x000016f8       0x66 ./MUSART_program.o
                0x000016f8                __vector_13
 .text.main     0x0000175e       0x4a ./Master.o
                0x0000175e                main
 .text.ADC_ISR  0x000017a8       0xae ./Master.o
                0x000017a8                ADC_ISR
 .text.ISR_UART
                0x00001856       0x22 ./Master.o
                0x00001856                ISR_UART
 .text.ISR_TIMER1
                0x00001878       0x2c ./Master.o
                0x00001878                ISR_TIMER1
 .text.libgcc   0x000018a4       0x3e c:/sdk/imt_sdk_win_64/winavr/bin/../lib/gcc/avr/4.3.3/avr5\libgcc.a(_mulsi3.o)
                0x000018a4                __mulsi3
 .text.libgcc   0x000018e2       0x44 c:/sdk/imt_sdk_win_64/winavr/bin/../lib/gcc/avr/4.3.3/avr5\libgcc.a(_udivmodsi4.o)
                0x000018e2                __udivmodsi4
 .text.libgcc   0x00001926        0x0 c:/sdk/imt_sdk_win_64/winavr/bin/../lib/gcc/avr/4.3.3/avr5\libgcc.a(_exit.o)
 .text.libgcc   0x00001926        0x0 c:/sdk/imt_sdk_win_64/winavr/bin/../lib/gcc/avr/4.3.3/avr5\libgcc.a(_clear_bss.o)
                0x00001926                . = ALIGN (0x2)
 *(.fini9)
 .fini9         0x00001926        0x0 c:/sdk/imt_sdk_win_64/winavr/bin/../lib/gcc/avr/4.3.3/avr5\libgcc.a(_exit.o)
                0x00001926                exit
                0x00001926                _exit
 *(.fini9)
 *(.fini8)
 *(.fini8)
 *(.fini7)
 *(.fini7)
 *(.fini6)
 *(.fini6)
 *(.fini5)
 *(.fini5)
 *(.fini4)
 *(.fini4)
 *(.fini3)
 *(.fini3)
 *(.fini2)
 *(.fini2)
 *(.fini1)
 *(.fini1)
 *(.fini0)
 .fini0         0x00001926        0x4 c:/sdk/imt_sdk_win_64/winavr/bin/../lib/gcc/avr/4.3.3/avr5\libgcc.a(_exit.o)
 *(.fini0)
                0x0000192a                _etext = .

.data           0x00800060        0x0 load address 0x0000192a
                0x00800060                PROVIDE (__data_start, .)
 *(.data)
 .data          0x00800060        0x0 c:/sdk/imt_sdk_win_64/winavr/bin/../lib/gcc/avr/4.3.3/../../../../avr/lib/avr5/crtm32.o
 .data          0x00800060        0x0 ./ADC_program.o
 .data          0x00800060        0x0 ./MAPPING_program.o
 .data          0x00800060        0x0 ./MDIO_program.o
 .data          0x00800060        0x0 ./MGIE_program.o
 .data          0x00800060        0x0 ./MSPI_program.o
 .data          0x00800060        0x0 ./MTIMER_program.o
 .data          0x00800060        0x0 ./MUSART_program.o
 .data          0x00800060        0x0 ./Master.o
 .data          0x00800060        0x0 c:/sdk/imt_sdk_win_64/winavr/bin/../lib/gcc/avr/4.3.3/avr5\libgcc.a(_mulsi3.o)
 .data          0x00800060        0x0 c:/sdk/imt_sdk_win_64/winavr/bin/../lib/gcc/avr/4.3.3/avr5\libgcc.a(_udivmodsi4.o)
 .data          0x00800060        0x0 c:/sdk/imt_sdk_win_64/winavr/bin/../lib/gcc/avr/4.3.3/avr5\libgcc.a(_exit.o)
 .data          0x00800060        0x0 c:/sdk/imt_sdk_win_64/winavr/bin/../lib/gcc/avr/4.3.3/avr5\libgcc.a(_clear_bss.o)
 *(.data*)
 *(.rodata)
 *(.rodata*)
 *(.gnu.linkonce.d*)
                0x00800060                . = ALIGN (0x2)
                0x00800060                _edata = .
                0x00800060                PROVIDE (__data_end, .)

.bss            0x00800060       0x19
                0x00800060                PROVIDE (__bss_start, .)
 *(.bss)
 .bss           0x00800060        0x0 c:/sdk/imt_sdk_win_64/winavr/bin/../lib/gcc/avr/4.3.3/../../../../avr/lib/avr5/crtm32.o
 .bss           0x00800060        0x0 ./ADC_program.o
 .bss           0x00800060        0x0 ./MAPPING_program.o
 .bss           0x00800060        0x0 ./MDIO_program.o
 .bss           0x00800060        0x0 ./MGIE_program.o
 .bss           0x00800060        0x0 ./MSPI_program.o
 .bss           0x00800060        0x0 ./MTIMER_program.o
 .bss           0x00800060        0x0 ./MUSART_program.o
 .bss           0x00800060        0x0 ./Master.o
 .bss           0x00800060        0x0 c:/sdk/imt_sdk_win_64/winavr/bin/../lib/gcc/avr/4.3.3/avr5\libgcc.a(_mulsi3.o)
 .bss           0x00800060        0x0 c:/sdk/imt_sdk_win_64/winavr/bin/../lib/gcc/avr/4.3.3/avr5\libgcc.a(_udivmodsi4.o)
 .bss           0x00800060        0x0 c:/sdk/imt_sdk_win_64/winavr/bin/../lib/gcc/avr/4.3.3/avr5\libgcc.a(_exit.o)
 .bss           0x00800060        0x0 c:/sdk/imt_sdk_win_64/winavr/bin/../lib/gcc/avr/4.3.3/avr5\libgcc.a(_clear_bss.o)
 *(.bss*)
 .bss.ADC_PF    0x00800060        0x2 ./ADC_program.o
                0x00800060                ADC_PF
 .bss.Timer0_PF_OVF
                0x00800062        0x2 ./MTIMER_program.o
                0x00800062                Timer0_PF_OVF
 .bss.Timer0_PF_CMP
                0x00800064        0x2 ./MTIMER_program.o
                0x00800064                Timer0_PF_CMP
 .bss.Timer1_PF_CMP
                0x00800066        0x2 ./MTIMER_program.o
                0x00800066                Timer1_PF_CMP
 .bss.ICU_PF    0x00800068        0x2 ./MTIMER_program.o
                0x00800068                ICU_PF
 .bss.Timer2_PF_OVF
                0x0080006a        0x2 ./MTIMER_program.o
                0x0080006a                Timer2_PF_OVF
 .bss.Timer2_PF_CMP
                0x0080006c        0x2 ./MTIMER_program.o
                0x0080006c                Timer2_PF_CMP
 .bss.UART_PF   0x0080006e        0x2 ./MUSART_program.o
                0x0080006e                UART_PF
 .bss.flag      0x00800070        0x1 ./Master.o
                0x00800070                flag
 .bss.Light.1393
                0x00800071        0x2 ./Master.o
 .bss.L.1392    0x00800073        0x2 ./Master.o
 .bss.Reading.1391
                0x00800075        0x2 ./Master.o
 .bss.Temp.1390
                0x00800077        0x2 ./Master.o
 *(COMMON)
                0x00800079                PROVIDE (__bss_end, .)
                0x0000192a                __data_load_start = LOADADDR (.data)
                0x0000192a                __data_load_end = (__data_load_start + SIZEOF (.data))

.noinit         0x00800079        0x0
                0x00800079                PROVIDE (__noinit_start, .)
 *(.noinit*)
                0x00800079                PROVIDE (__noinit_end, .)
                0x00800079                _end = .
                0x00800079                PROVIDE (__heap_start, .)

.eeprom         0x00810000        0x0
 *(.eeprom*)
                0x00810000                __eeprom_end = .

.fuse
 *(.fuse)
 *(.lfuse)
 *(.hfuse)
 *(.efuse)

.lock
 *(.lock*)

.signature
 *(.signature*)

.stab           0x00000000     0x2268
 *(.stab)
 .stab          0x00000000      0x2c4 ./ADC_program.o
 .stab          0x000002c4      0x180 ./MAPPING_program.o
                                0x1f8 (size before relaxing)
 .stab          0x00000444      0x6b4 ./MDIO_program.o
                                0x72c (size before relaxing)
 .stab          0x00000af8      0x144 ./MGIE_program.o
                                0x1bc (size before relaxing)
 .stab          0x00000c3c      0x1bc ./MSPI_program.o
                                0x234 (size before relaxing)
 .stab          0x00000df8      0xc90 ./MTIMER_program.o
                                0xd08 (size before relaxing)
 .stab          0x00001a88      0x2c4 ./MUSART_program.o
                                0x33c (size before relaxing)
 .stab          0x00001d4c      0x51c ./Master.o
                                0x60c (size before relaxing)

.stabstr        0x00000000     0x11e6
 *(.stabstr)
 .stabstr       0x00000000     0x11e6 ./ADC_program.o

.stab.excl
 *(.stab.excl)

.stab.exclstr
 *(.stab.exclstr)

.stab.index
 *(.stab.index)

.stab.indexstr
 *(.stab.indexstr)

.comment
 *(.comment)

.debug
 *(.debug)

.line
 *(.line)

.debug_srcinfo
 *(.debug_srcinfo)

.debug_sfnames
 *(.debug_sfnames)

.debug_aranges
 *(.debug_aranges)

.debug_pubnames
 *(.debug_pubnames)

.debug_info
 *(.debug_info)
 *(.gnu.linkonce.wi.*)

.debug_abbrev
 *(.debug_abbrev)

.debug_line
 *(.debug_line)

.debug_frame
 *(.debug_frame)

.debug_str
 *(.debug_str)

.debug_loc
 *(.debug_loc)

.debug_macinfo
 *(.debug_macinfo)
OUTPUT(test_project000MASTER.elf elf32-avr)
LOAD linker stubs
